// Jest Snapshot v1, https://goo.gl/fbAQLP

exports[`Snapshot Test 1`] = `
<DocumentFragment>
  <div
    class="sc-aYaIB knrHSB"
  >
    <p>
      This is the content.
    </p>
  </div>
</DocumentFragment>
`;
