// Jest Snapshot v1, https://goo.gl/fbAQLP

exports[`Snapshot Test 1`] = `
<DocumentFragment>
  <div
    class="sc-aYaIB kGpvrW heading"
  >
    My Heading
  </div>
</DocumentFragment>
`;
