// Jest Snapshot v1, https://goo.gl/fbAQLP

exports[`Snapshot Test 1`] = `
<DocumentFragment>
  <div
    class="sc-aYaIB fLrPkl simple-component-error-alert"
  >
    <span>
      Error message
    </span>
    <button
      data-testid="state-handler-error-close-btn"
    >
      <svg
        aria-hidden="true"
        class="svg-inline--fa fa-times faW-11"
        data-icon="times"
        data-prefix="fas"
        focusable="false"
        height="27px"
        role="img"
        viewBox="0 0 352 512"
        width="21px"
      >
        <path
          d="M242.72 256l100.07-100.07c12.28-12.28 12.28-32.19 0-44.48l-22.24-22.24c-12.28-12.28-32.19-12.28-44.48 0L176 189.28 75.93 89.21c-12.28-12.28-32.19-12.28-44.48 0L9.21 111.45c-12.28 12.28-12.28 32.19 0 44.48L109.28 256 9.21 356.07c-12.28 12.28-12.28 32.19 0 44.48l22.24 22.24c12.28 12.28 32.2 12.28 44.48 0L176 322.72l100.07 100.07c12.28 12.28 32.2 12.28 44.48 0l22.24-22.24c12.28-12.28 12.28-32.19 0-44.48L242.72 256z"
          fill="#a8a8a8"
        />
      </svg>
    </button>
  </div>
</DocumentFragment>
`;
